Godot Engine v4.7.2.stable.official.ed1daf0bf - https://godotengine.org

ERROR: Failed to read the root certificate store.
   at: get_system_ca_certificates (platform/windows/os_windows.cpp:2582)
frame=0/0
room_update players=0 local_slot=-1
status=Connecting 192.168.169.1:5123…
status=Connected; checking the vanilla protocol...
status=Joining the room...
status=Checking original unit list…
room_update players=2 local_slot=1
status=Entered a vanilla non-mod room
room_update players=2 local_slot=1
room_update players=2 local_slot=1
room_update players=2 local_slot=1
room_update players=2 local_slot=1
room_update players=2 local_slot=1
room_update players=2 local_slot=1
room_update players=2 local_slot=1
joined=true local_slot=1 players=[{ "slot": 0, "name": "绿影翼龙", "credits": 4000, "ai": false, "color": 0, "spectator": false, "ping": 0, "sort_index": 0, "connected": false, "network_active": false, "network_id": -99, "host": true, "assigned_color": 0, "starting_units_override": -1 }, { "slot": 1, "name": "GodotProbe", "credits": 4000, "ai": false, "color": 1, "spectator": false, "ping": 0, "sort_index": 1, "connected": false, "network_active": false, "network_id": 5, "host": false, "assigned_color": 1, "starting_units_override": -1 }] map={  }
frame=0/0
room_update players=0 local_slot=-1
status=Has left the room
